
 RUN  v4.1.9 C:/Users/opsiclear/Projects/gsav_stack/diveo
      Coverage enabled with v8


 Test Files  41 passed (41)
      Tests  733 passed (733)
   Start at  11:41:47
   Duration  3.98s (transform 10.91s, setup 0ms, import 13.90s, tests 9.31s, environment 6ms)

 % Coverage report from v8
-------------------|---------|----------|---------|---------|-------------------
File               | % Stmts | % Branch | % Funcs | % Lines | Uncovered Line #s 
-------------------|---------|----------|---------|---------|-------------------
All files          |   76.99 |    71.31 |   82.98 |   78.58 |                   
 diveo             |    90.9 |    70.58 |   66.66 |     100 |                   
  app.config.js    |    90.9 |    70.58 |   66.66 |     100 | 23,25,38          
 ...eatures/player |   97.09 |    87.86 |   95.45 |   98.34 |                   
  bridgeState.ts   |   99.08 |    85.83 |     100 |   98.96 | 63                
  ...gressStore.ts |   94.44 |    82.35 |   77.77 |   96.87 | 27                
  ...eLoadState.ts |   85.71 |    83.33 |     100 |   85.71 | 31                
  ...QaControls.ts |     100 |       50 |     100 |     100 | 20                
  ...ressBridge.ts |   88.46 |    82.35 |     100 |   95.45 | 42                
  routes.ts        |     100 |     86.2 |     100 |     100 | 28-29,50          
  sessionBridge.ts |   94.44 |    92.85 |     100 |     100 | 35                
 ...es/preferences |     100 |       50 |     100 |     100 |                   
  ...encesStore.ts |     100 |       50 |     100 |     100 | 19-24             
 ...features/scene |      75 |       80 |     100 |   66.66 |                   
  sceneShare.ts    |      75 |       80 |     100 |   66.66 | 15-16             
 ...tures/settings |   17.94 |       25 |      20 |    12.5 |                   
  cache.ts         |   17.94 |       25 |      20 |    12.5 | 7-24,38-58        
 ...eatures/social |     100 |    94.44 |     100 |     100 |                   
  authQaDelay.ts   |     100 |     87.5 |     100 |     100 | 9                 
 diveo/scripts     |   76.15 |    70.48 |   82.35 |   77.83 |                   
  ...e-evidence.js |    83.8 |    76.47 |   93.75 |   86.59 | ...57,197-208,213 
  bump-version.js  |   48.78 |    47.05 |     100 |   46.15 | ...35,42-67,71-72 
  ...lled-smoke.js |   84.79 |    75.11 |   89.47 |   87.43 | ...14,448-495,500 
  ...n-metadata.js |    88.8 |       74 |   86.36 |   92.72 | ...16,228-230,235 
  ...n-evidence.js |   76.72 |    66.88 |   69.23 |   80.76 | ...09,259-278,283 
  ...e-evidence.js |   83.84 |    66.48 |   85.71 |   86.44 | ...43,361-393,398 
  ...able-guard.js |   81.05 |    77.08 |   78.94 |   83.52 | ...29,193-214,219 
  ...nce-packet.js |    75.7 |    67.13 |   93.44 |   80.05 | ...29,855-895,898 
  ...-preflight.js |   84.09 |    83.69 |   90.47 |   86.06 | ...46,293-309,314 
  ...time-smoke.js |   62.35 |    41.58 |   47.05 |   64.07 | ...43-371,376-391 
  ...oke-bridge.js |     100 |       85 |     100 |     100 | 13,21-22          
  ...n-artifact.js |   57.36 |    69.09 |   53.84 |   59.29 | ...97,225,236-246 
  ...ion-bundle.js |   86.88 |     81.9 |   94.59 |      88 | ...52,554-570,575 
  ...ency-audit.js |   62.71 |    49.12 |      80 |   63.15 | 96-140,145        
  ...-doc-drift.js |   89.77 |    80.26 |   94.73 |   92.93 | ...1043-1050,1055 
  ...boundaries.js |    75.4 |    64.74 |   66.66 |   76.86 | ...29,732,756-786 
  ...ion-config.js |   55.55 |    55.58 |    62.5 |   54.23 | ...90,594,604-709 
  ...h-baseline.js |    73.1 |    67.61 |   85.71 |   76.19 | ...06,457-474,479 
  ...e-artifact.js |   79.66 |    65.33 |    87.5 |   79.13 | ...84,209-237,242 
  ...nce-bundle.js |   83.52 |    77.17 |   98.66 |   83.73 | ...1294-1317,1322 
  ...-readiness.js |    65.9 |    66.58 |    72.1 |   67.09 | ...2921-2952,2957 
  ...on-prereqs.js |   84.21 |     79.1 |    91.3 |    87.5 | ...90,893-910,915 
  ...whitespace.js |   78.75 |    63.63 |   78.57 |   77.77 | ...85,206-212,217 
  ...-workflows.js |   86.62 |     83.8 |    97.4 |    87.3 | ...94,929-936,941 
  ...ce-summary.js |   89.85 |    71.64 |   96.55 |   93.65 | ...49,289-298,313 
 diveo/shared      |     100 |    96.42 |     100 |     100 |                   
  gsavWeb.ts       |     100 |    94.11 |     100 |     100 | 29                
 diveo/utils       |     100 |    91.66 |     100 |     100 |                   
  version.ts       |     100 |    91.66 |     100 |     100 | 15                
-------------------|---------|----------|---------|---------|-------------------

=============================== Coverage summary ===============================
Statements   : 76.99% ( 5187/6737 )
Branches     : 71.31% ( 4495/6303 )
Functions    : 82.98% ( 941/1134 )
Lines        : 78.58% ( 4799/6107 )
================================================================================
