{
  "checkedAt": "2026-07-01T23:31:59.339Z",
  "appConfigSource": "app.config.js#resolveExpoConfig",
  "status": "fail",
  "ok": false,
  "errors": [
    "Production must provide EXPO_PUBLIC_GSAV_WEB_URL in the environment or EAS production profile.",
    "Production must provide EXPO_PUBLIC_GSAV_CATALOG_URL in the environment or EAS production profile.",
    "Production must provide EXPO_PUBLIC_GSAV_SUPABASE_URL in the environment or EAS production profile.",
    "Production must provide EXPO_PUBLIC_GSAV_SUPABASE_ANON_KEY in the environment or EAS production profile."
  ],
  "warnings": [],
  "checked": {
    "gsavUrl": null,
    "catalogUrl": null,
    "supabaseUrl": null,
    "hasSupabaseAnonKey": false,
    "qaControlsDisabled": true,
    "qaAuthDelayDisabled": true,
    "expoVersion": "1.0.19",
    "packageVersion": "1.0.19",
    "packageLockVersion": "1.0.19",
    "packageLockRootVersion": "1.0.19",
    "androidVersionCode": 10019,
    "expectedAndroidVersionCode": 10019,
    "androidUsesCleartextTraffic": false,
    "schemes": [
      "gsav"
    ],
    "hasProductionProfile": true,
    "hasReleaseWorkflowDispatch": true,
    "hasReleaseWorkflowPublishInput": true,
    "publishModeManualOnly": true,
    "failsPublishIntentWithoutSecrets": true,
    "uploadsReleaseEvidence": true,
    "uploadsReleaseEvidenceOutputs": true,
    "writesReleaseDryRunSummary": true,
    "writesReleaseEvidenceChecksums": true,
    "verifiesReleaseEvidenceBundle": true,
    "verifiesReleaseEvidenceMode": true,
    "capturesAuthenticatedNoPublishProof": true,
    "capturesGeneratedApkMetadata": true,
    "releaseWorkflowForbidsQaFlags": true,
    "capturesGsavHostIdentity": true,
    "verifiesGsavHostIdentityMetadata": true,
    "verifiesRangeProbePreflight": true,
    "verifiesRangeCorsPreflight": true,
    "verifiesReleaseReadiness": true,
    "verifiesStrictHandoffReceiptsBeforeReadiness": true,
    "hasReadiness": true,
    "hasCandidateRefInput": true,
    "resolvesFrozenPayloadCandidate": true,
    "verifiesEvidenceSignoffDiff": true,
    "hasReleaseVersionBumpInWorkflow": false,
    "hasReleaseCandidateIdentity": true,
    "runsPreflightAfterReleaseCandidateIdentity": true,
    "runsRuntimeSmokeAfterReleaseCandidateIdentity": true,
    "runsStrictHandoffReceiptsBeforeReadiness": true,
    "commitsReleaseCandidateBeforeReadiness": false,
    "hasCommitAfterReadiness": false,
    "pushesOnlyAfterReadiness": true,
    "releasesOnlyAfterReadiness": true,
    "targetsReleaseCandidateSha": true,
    "hasGitCommitInReleaseWorkflow": false,
    "hasGitPushInReleaseWorkflow": false,
    "verifiesSignoffDiffBundleContents": true,
    "verifiesExactRangeContentRange": true,
    "verifiesRangeCorsHeaders": true,
    "verifiesAuthenticatedNoPublishLookup": true,
    "preflightRequiresExactRangeContentRange": true,
    "preflightRequiresRangeCorsHeaders": true,
    "runsReleaseRuntimeSmoke": true,
    "qualityVerifiesLocalBundle": true,
    "qualityVerifiesProductionConfig": true
  }
}
